C51 COMPILER V8.18   MAIN                                                                  12/09/2009 11:25:53 PAGE 1   


C51 COMPILER V8.18, COMPILATION OF MODULE MAIN
OBJECT MODULE PLACED IN main.OBJ
COMPILER INVOKED BY: C:\Keil\C51\BIN\C51.EXE main.c BROWSE DEBUG OBJECTEXTEND

line level    source

   1          /*********************************************************************************************************
             -*****
   2                          Platform: Fire Bird V P89V51RD2
   3                          White Line Following
   4                          Written by: Omkar Pradhan, NEX Robotics Pvt. Ltd.
   5                          Edited By: Sachitanand Malewar, NEX Robotics Pvt. Ltd.
   6                          Last Modification: 2009-12-08
   7                          This program uses ADC0808 Analog to Digital Converter to aquire analog sensor data from the robot.
   8                          Using this sensor data robot follows white line.
   9                          This analog data is displayed as a 8 element array onto the LCD screen by using a .h file "lcd_array_dis
             -p.h"
  10                          Compiled with: uVision3 V3.90; C Compiler: C51.Exe, V8.18
  11          **********************************************************************************************************
             -****/                
  12          
  13          #include <intrins.h>
  14          #include "p89v51rx2.H"
  15          #include "lcd_array_disp.h"
  16          
  17          //direction control bits
  18          
  19          sbit LB=P1^0;  //LEFT BACK Pin
  20          sbit LF=P1^1;  //LEFT FRONT Pin
  21          sbit RF=P1^2;  //RIGHT FRONT Pin
  22          sbit RB=P3^4;  //RIGHT BACK Pin
  23          
  24          sbit buzzer=P2^7; //buzzer = 1; buzzer off, buzzer = 0; buzzer on,
  25          
  26          sbit start_conv = P3^6;          //P3^6 is connected to Start and ALE pin of ADC0808
  27          sbit output_enable = P3^7;               //P3^7 is connected to Output Enable Pin of ADC0808
  28          
  29          unsigned char data_array[8];//initialize an array of 8 elements to display onto the LCD screen
  30          unsigned char i=0;  //used in main function during ADC conversion 
  31          unsigned char left_whiteline = 0;
  32          unsigned char center_whiteline = 0;
  33          unsigned char right_whiteline = 0;
  34          unsigned char flag = 0; //used in white line following logic
  35          
  36          /********************************************************************************
  37                  Function: ADC_conversion(unsigned char ADC_channel_number)
  38          
  39                  Description: This function performs ADC conversion of a channel number 
  40                                           that is passed to it. The return value of this function contains 
  41                                           digital data of the selected channel.
  42                             
  43                                           Analog Sensor Pin Mapping
  44            
  45                           IN0-----> Optional
  46                                           IN1-----> Batt. Voltage
  47                                           IN2-----> Front Sharp IR Range sensor
  48                                           IN3-----> Left Proximity
  49                                           IN4-----> Left Whiteline
  50                                           IN5-----> Center Whiteline
  51                                           IN6-----> Right Whiteline
  52                                           IN7-----> Right Proximity
C51 COMPILER V8.18   MAIN                                                                  12/09/2009 11:25:53 PAGE 2   

  53          ********************************************************************************/
  54          unsigned char ADC_conversion(unsigned char ADC_ch_no)
  55          {
  56   1      unsigned char ADC_data;
  57   1      
  58   1      P0 = ADC_ch_no;           // to select channel no. send address on P0
  59   1      
  60   1      start_conv = 1; // ADC0808 will latch the address on L-H transition on the ALE pin
  61   1      start_conv = 0; // ADC0808 will start conversion on H-L transition on the start pin
  62   1      delay_ms(2);    // conversion time for ADC0808
  63   1      
  64   1      P0 =0xFF;               // output enable and read
  65   1      output_enable = 1;      //Enabling o/p of ADC0808 for to read the converted data
  66   1      ADC_data = P0;          //storing adc_data
  67   1      output_enable = 0;      //disabling ADC 0808 o/p
  68   1      return ADC_data;        //returning adc_data
  69   1      }
  70          
  71          //Set left motor with velocity vel(compare value). 0x00 will give full (100% duty cycle) velocity, while 0
             -xFF will give zero (0% duty cycle) velocity. Any value in between 0x00 and 0xFF will give intermediate velocity.
  72          void left_motor_velocity(unsigned char vel)
  73          {
  74   1      CCAP0H=vel;
  75   1      }
  76          
  77          //Set right motor with velocity vel(compare value). 0x00 will give full (100% duty cycle) velocity, while 
             -0xFF will give zero (0% duty cycle) velocity. Any value in between 0x00 and 0xFF will give intermediate velocity.
  78          void right_motor_velocity(unsigned char vel)
  79          {
  80   1      CCAP1H=vel;
  81   1      }
  82          
  83          // motor direction control subroutines
  84          void forward(void)
  85          {
  86   1      RF=1;
  87   1      LF=1;
  88   1      RB=0;
  89   1      LB=0;
  90   1      }
  91          
  92          void stop(void)
  93          {
  94   1      RF=0;
  95   1      LF=0;
  96   1      RB=0;
  97   1      LB=0;
  98   1      }
  99          
 100          //initialise programmable counter array module to generate pwm
 101          //The CCAPnH register holds the reload value. CCAPnL register increments,and is loaded with this value eve
             -rytime it overflows
 102          //Thus the value in CCAPnH can be changed to change the motor velocity
 103          void pca_init(void)
 104          {
 105   1       CMOD=0x80;        //80 sets PCA counter to run at Fosc/6; 
 106   1       CCON=0x40;        //start PCA counter
 107   1                                                      
 108   1       CCAP0L=0x00;   
 109   1       CCAP0H=0xFF;  //Left motor duty cycle register
 110   1        
 111   1       CCAP1L=0x00;                             
C51 COMPILER V8.18   MAIN                                                                  12/09/2009 11:25:53 PAGE 3   

 112   1       CCAP1H=0xFF;  //Right motor duty cycle register
 113   1      
 114   1       CCAPM0=0x42;  //enable PWM mode and ECOM bits for left motor
 115   1       CCAPM1=0x42;  //enable PWM mode and ECOM bits for right motor
 116   1      }
 117          
 118          
 119          void main()
 120          {
 121   1       unsigned char i=0;
 122   1       output_enable = 0;
 123   1       start_conv = 0;    //de-assert all control signals to ADC
 124   1       
 125   1       buzzer = 1; //buzzer off
 126   1       lcd_init(); //Initialize LCD
 127   1       pca_init(); //Initialize PCA to genarate PWM
 128   1      
 129   1      forward();
 130   1      left_motor_velocity(0x4F);  //0x00 will give full (100% duty cycle) velocity, while 0xFF will give zero (0
             -% duty cycle) velocity. Any value in between 0x00 and 0xFF will give intermediate velocity.                   
 131   1      right_motor_velocity(0x4F); //0x00 will give full (100% duty cycle) velocity, while 0xFF will give zero (0
             -% duty cycle) velocity. Any value in between 0x00 and 0xFF will give intermediate velocity.
 132   1      
 133   1      
 134   1       while(1)
 135   1       {
 136   2        for(i=0;i<8;i++)       //Doing ADC conversion
 137   2        {
 138   3        data_array[i] = ADC_conversion(i);
 139   3        }
 140   2      
 141   2        left_whiteline = data_array[4];   
 142   2        center_whiteline = data_array[5];
 143   2        right_whiteline = data_array[6];
 144   2      
 145   2        flag = 0; //reset the flag to 0
 146   2      
 147   2        //check if robot's center white line sensor is on the white line
 148   2        if(center_whiteline < 25)
 149   2        {
 150   3         flag = 1;  //set the flag to 0 so that further white line sensor comparision is disabled
 151   3         left_motor_velocity(0x4F);   //left and right motor is at same velocity
 152   3         right_motor_velocity(0x4F);
 153   3        }
 154   2      
 155   2        //robot is drifting towards left side, increase velocity of the left wheel and decrease velocity of the 
             -right wheel
 156   2        if ((left_whiteline > 25) && (flag == 0))
 157   2        {
 158   3         flag = 1;  //set the flag to 0 so that further white line sensor comparision is disabled
 159   3         left_motor_velocity(0x3F);   //increase left motor velocity 
 160   3         right_motor_velocity(0x5F);  //decrease  right motor velocity
 161   3        }
 162   2      
 163   2        //robot is drifting towards right side, decrease velocity of the left wheel and increase velocity of the
             - right wheel
 164   2        if ((right_whiteline > 25) && (flag == 0))
 165   2        {
 166   3         flag = 1;  //set the flag to 0 so that further white line sensor comparision is disabled
 167   3         left_motor_velocity(0x5F);   //decrease  left motor velocity
 168   3         right_motor_velocity(0x3F);  //increase right motor velocity
 169   3        }
C51 COMPILER V8.18   MAIN                                                                  12/09/2009 11:25:53 PAGE 4   

 170   2      
 171   2        if((left_whiteline > 25) && (center_whiteline > 25) && (right_whiteline > 25)) // no whiteline is detect
             -ed, stop
 172   2        {
 173   3         stop();
 174   3        }
 175   2        else
 176   2        {
 177   3         forward();
 178   3        }
 179   2        
 180   2        lcdprint(data_array);//call this function to print the array onto the screen
 181   2        delay_ms(250);
 182   2       }
 183   1      }


MODULE INFORMATION:   STATIC OVERLAYABLE
   CODE SIZE        =    795    ----
   CONSTANT SIZE    =   ----    ----
   XDATA SIZE       =   ----    ----
   PDATA SIZE       =   ----    ----
   DATA SIZE        =     14      38
   IDATA SIZE       =   ----    ----
   BIT SIZE         =   ----       1
END OF MODULE INFORMATION.


C51 COMPILATION COMPLETE.  0 WARNING(S),  0 ERROR(S)
