<html>
<body>
<pre>
<h1>µVision Build Log</h1>
<h2>Project:</h2>
C:\Rohit\Experiments\12_Adaptive_Cruise_Control\Adaptive_Cruise_Control.uvproj
Project File Date:  11/01/2010

<h2>Output:</h2>
Build target 'Target 1'
assembling Startup.s...
compiling main.c...
compiling LCD.c...
linking...
Program Size: Code=14064 RO-data=160 RW-data=0 ZI-data=1288  
FromELF: creating hex file...
"Adaptive_Cruise_Control.axf" - 0 Error(s), 0 Warning(s).
Build target 'Target 1'
assembling Startup.s...
compiling main.c...
compiling LCD.c...
linking...
Program Size: Code=14064 RO-data=160 RW-data=0 ZI-data=1288  
FromELF: creating hex file...
"Adaptive_Cruise_Control.axf" - 0 Error(s), 0 Warning(s).
