<html>
<body>
<pre>
<h1>µVision Build Log</h1>
<h2>Project:</h2>
C:\Rohit\Experiments\5_Position_Con_Interrupts\Position_Control.uvproj
Project File Date:  10/30/2010

<h2>Output:</h2>
Build target 'Target 1'
assembling Startup.s...
compiling main.c...
linking...
Program Size: Code=4808 RO-data=32 RW-data=8 ZI-data=1256  
FromELF: creating hex file...
"Position_Control.axf" - 0 Error(s), 0 Warning(s).
Build target 'Target 1'
assembling Startup.s...
compiling main.c...
linking...
Program Size: Code=4808 RO-data=32 RW-data=8 ZI-data=1256  
FromELF: creating hex file...
"Position_Control.axf" - 0 Error(s), 0 Warning(s).
