C51 COMPILER V8.18   MAIN                                                                  12/09/2009 11:24:06 PAGE 1   


C51 COMPILER V8.18, COMPILATION OF MODULE MAIN
OBJECT MODULE PLACED IN main.OBJ
COMPILER INVOKED BY: C:\Keil\C51\BIN\C51.EXE main.c BROWSE DEBUG OBJECTEXTEND

line level    source

   1          /*********************************************************************************************************
             -*****
   2                          Platform: Fire Bird V P89V51RD2
   3                          LCD Interfacing: Data Array Display
   4                          Written by: Omkar Pradhan, NEX Robotics Pvt. Ltd.
   5                          Edited By: Sachitanand Malewar, NEX Robotics Pvt. Ltd.
   6                          Last Modification: 2009-12-08
   7                          This program displays an 8 element array onto the LCD screen by using a .h file "lcd_array_disp.h"
   8                          Compiled with: uVision3 V3.90; C Compiler: C51.Exe, V8.18
   9          **********************************************************************************************************
             -****/                
  10          
  11          #include <intrins.h>
  12          #include "p89v51rx2.H"
  13          #include "lcd_array_disp.h"
  14          
  15          sbit buzzer=P2^7;  //buzzer = 1; buzzer off, buzzer = 0; buzzer on,
  16          
  17          unsigned char data_array[8];//initialize an array of 8 elements to display onto the LCD screen
  18          unsigned char i=0; 
  19          
  20          void main()
  21          {
  22   1       for(i=0;i<8;i++) // used to fill data to be displayed in the arry. You can put any value in the array.
  23   1       data_array[i] = i; 
  24   1      
  25   1       i = 0; //reset i to 0 for data_array [0] increment display on the LCD
  26   1       
  27   1       buzzer = 1; // buzzer off
  28   1       lcd_init(); //Initialize LCD
  29   1      
  30   1       while(1)
  31   1       {
  32   2        lcdprint(data_array);//call this function to print the array onto the screen
  33   2        delay_ms(1000);
  34   2        i++;
  35   2        data_array [0] = i;
  36   2       }
  37   1      }


MODULE INFORMATION:   STATIC OVERLAYABLE
   CODE SIZE        =    596    ----
   CONSTANT SIZE    =   ----    ----
   XDATA SIZE       =   ----    ----
   PDATA SIZE       =   ----    ----
   DATA SIZE        =     10      37
   IDATA SIZE       =   ----    ----
   BIT SIZE         =   ----       1
END OF MODULE INFORMATION.


C51 COMPILATION COMPLETE.  0 WARNING(S),  0 ERROR(S)
